<html>
<body>
<pre>
<h1>礦ision Build Log</h1>
<h2>Project:</h2>
D:\迅雷下载\专业版匹配SDK10代码与教程（更新中）\第3部分：高级BLE从机实验\BLE实验5：蓝牙遥控器\BLE实验5：蓝牙遥控器\examples\ble_peripheral\ble_app_uart\pca10028\s110\arm4\ble_app_uart_s110_pca10028.uvproj
Project File Date:  08/31/2016

<h2>Output:</h2>
Rebuild target 'nrf51422_xxac_s110'
compiling main.c...
..\..\..\main.c(72): warning:  #177-D: variable "data_array" was declared but never referenced
  static uint8_t data_array[BLE_NUS_MAX_DATA_LEN];
..\..\..\main.c(73): warning:  #550-D: variable "states" was set but never used
  static uint8_t states[4];
..\..\..\main.c(74): warning:  #177-D: variable "index" was declared but never referenced
  static uint8_t index = 0;
..\..\..\main.c(75): warning:  #550-D: variable "change_state" was set but never used
  static uint8_t change_state=0;
..\..\..\main.c: 4 warnings, 0 errors
compiling bsp.c...
compiling bsp_btn_ble.c...
assembling arm_startup_nrf51.s...
compiling system_nrf51.c...
compiling ble_advdata.c...
compiling ble_advertising.c...
compiling ble_conn_params.c...
compiling ble_nus.c...
compiling ble_srv_common.c...
compiling app_uart_fifo.c...
compiling nrf_delay.c...
compiling nrf_drv_common.c...
compiling nrf_drv_gpiote.c...
compiling nrf_drv_uart.c...
compiling pstorage.c...
compiling app_button.c...
compiling app_error.c...
compiling app_fifo.c...
compiling app_timer.c...
compiling app_trace.c...
compiling nrf_assert.c...
compiling retarget.c...
compiling softdevice_handler.c...
linking...
Program Size: Code=11880 RO-data=388 RW-data=220 ZI-data=3940  
FromELF: creating hex file...
".\_build\nrf51422_xxac_s110.axf" - 0 Error(s), 4 Warning(s).
Load "D:\\迅雷下载\\专业版匹配SDK10代码与教程（更新中）\\第3部分：高级BLE从机实验\\BLE实验5：蓝牙遥控器\\BLE实验5：蓝牙遥控器\\examples\\ble_peripheral\\ble_app_uart\\pca10028\\s110\\arm4\\_build\\nrf51422_xxac_s110.axf" 
* JLink Info: Device "UNSPECIFIED" selected (0 KB flash, 0 KB RAM).
Set JLink Project File to "D:\迅雷下载\专业版匹配SDK10代码与教程（更新中）\第3部分：高级BLE从机实验\BLE实验5：蓝牙遥控器\BLE实验5：蓝牙遥控器\examples\ble_peripheral\ble_app_uart\pca10028\s110\arm4\JLinkSettings.ini"
* JLink Info: Device "UNSPECIFIED" selected (0 KB flash, 0 KB RAM).
 
JLink info:
------------
DLL: V4.76d, compiled Sep 13 2013 16:35:06
Firmware: J-Link ARM-OB STM32 compiled Aug 22 2012 19:52:04
Hardware: V7.00
S/N : 20090928 
Feature(s) : RDI,FlashDL,FlashBP,JFlash,GDBFull 
 
* JLink Info: Found SWD-DP with ID 0x0BB11477
* JLink Info: Found Cortex-M0 r0p0, Little endian.
* JLink Info: FPUnit: 4 code (BP) slots and 0 literal slots
ROMTableAddr = 0xE00FF003
 
Target info:
------------
Device: nRF51422_xxAC
VTarget = 3.300V
State of Pins: 
TCK: 0, TDI: 0, TDO: 1, TMS: 0, TRES: 1, TRST: 1
Hardware-Breakpoints: 4
Software-Breakpoints: 8192
Watchpoints:          2
JTAG speed: 2000 kHz
 
Erase Failed!
Error: Flash Download failed  -  "Cortex-M0"
Load "D:\\迅雷下载\\专业版匹配SDK10代码与教程（更新中）\\第3部分：高级BLE从机实验\\BLE实验5：蓝牙遥控器\\BLE实验5：蓝牙遥控器\\examples\\ble_peripheral\\ble_app_uart\\pca10028\\s110\\arm4\\_build\\nrf51422_xxac_s110.axf" 
* JLink Info: Device "UNSPECIFIED" selected (0 KB flash, 0 KB RAM).
Set JLink Project File to "D:\迅雷下载\专业版匹配SDK10代码与教程（更新中）\第3部分：高级BLE从机实验\BLE实验5：蓝牙遥控器\BLE实验5：蓝牙遥控器\examples\ble_peripheral\ble_app_uart\pca10028\s110\arm4\JLinkSettings.ini"
* JLink Info: Device "UNSPECIFIED" selected (0 KB flash, 0 KB RAM).
 
JLink info:
------------
DLL: V4.76d, compiled Sep 13 2013 16:35:06
Firmware: J-Link ARM-OB STM32 compiled Aug 22 2012 19:52:04
Hardware: V7.00
S/N : 20090928 
Feature(s) : RDI,FlashDL,FlashBP,JFlash,GDBFull 
 
* JLink Info: Found SWD-DP with ID 0x0BB11477
* JLink Info: Found Cortex-M0 r0p0, Little endian.
* JLink Info: FPUnit: 4 code (BP) slots and 0 literal slots
ROMTableAddr = 0xE00FF003
 
Target info:
------------
Device: nRF51422_xxAC
VTarget = 3.300V
State of Pins: 
TCK: 0, TDI: 0, TDO: 1, TMS: 0, TRES: 1, TRST: 1
Hardware-Breakpoints: 4
Software-Breakpoints: 8192
Watchpoints:          2
JTAG speed: 2000 kHz
 
Erase Done.
Programming Done.
Verify OK.
Application running ...
